Archive member included to satisfy reference by file (symbol)

c:/program files (x86)/atmel/studio/7.0/toolchain/avr8/avr8-gnu-toolchain/bin/../lib/gcc/avr/5.4.0/avr25\libgcc.a(_udivmodhi4.o)
                              Drivers/outputs_driver.o (__udivmodhi4)
c:/program files (x86)/atmel/studio/7.0/toolchain/avr8/avr8-gnu-toolchain/bin/../lib/gcc/avr/5.4.0/avr25\libgcc.a(_exit.o)
                              C:/Program Files (x86)/Atmel/Studio/7.0/Packs/atmel/ATtiny_DFP/1.8.332/gcc/dev/attiny88/avr25/crtattiny88.o (exit)
c:/program files (x86)/atmel/studio/7.0/toolchain/avr8/avr8-gnu-toolchain/bin/../lib/gcc/avr/5.4.0/avr25\libgcc.a(_copy_data.o)
                              main.o (__do_copy_data)
c:/program files (x86)/atmel/studio/7.0/toolchain/avr8/avr8-gnu-toolchain/bin/../lib/gcc/avr/5.4.0/avr25\libgcc.a(_clear_bss.o)
                              Drivers/adc_driver.o (__do_clear_bss)

Discarded input sections

 .data          0x00000000        0x0 C:/Program Files (x86)/Atmel/Studio/7.0/Packs/atmel/ATtiny_DFP/1.8.332/gcc/dev/attiny88/avr25/crtattiny88.o
 .bss           0x00000000        0x0 C:/Program Files (x86)/Atmel/Studio/7.0/Packs/atmel/ATtiny_DFP/1.8.332/gcc/dev/attiny88/avr25/crtattiny88.o
 .text          0x00000000        0x0 Drivers/adc_driver.o
 .data          0x00000000        0x0 Drivers/adc_driver.o
 .bss           0x00000000        0x0 Drivers/adc_driver.o
 .text.ADCDRV_Wake
                0x00000000       0x16 Drivers/adc_driver.o
 .text.ADCDRV_Sleep
                0x00000000       0x1e Drivers/adc_driver.o
 .text          0x00000000        0x0 Drivers/bootstrap_driver.o
 .data          0x00000000        0x0 Drivers/bootstrap_driver.o
 .bss           0x00000000        0x0 Drivers/bootstrap_driver.o
 .text          0x00000000        0x0 Drivers/inputs_driver.o
 .data          0x00000000        0x0 Drivers/inputs_driver.o
 .bss           0x00000000        0x0 Drivers/inputs_driver.o
 .text.INDRV_GetInputChange
                0x00000000       0x1a Drivers/inputs_driver.o
 .text.INDRV_ResetInputChange
                0x00000000       0x16 Drivers/inputs_driver.o
 .text          0x00000000        0x0 Drivers/led_driver.o
 .data          0x00000000        0x0 Drivers/led_driver.o
 .bss           0x00000000        0x0 Drivers/led_driver.o
 .text          0x00000000        0x0 Drivers/outputs_driver.o
 .data          0x00000000        0x0 Drivers/outputs_driver.o
 .bss           0x00000000        0x0 Drivers/outputs_driver.o
 .text.OUTDRV_GetRetryFlag
                0x00000000       0x26 Drivers/outputs_driver.o
 .text.OUTDRV_ResetRetryFlag
                0x00000000       0x16 Drivers/outputs_driver.o
 .text.OUTDRV_SetExtFault
                0x00000000       0x36 Drivers/outputs_driver.o
 .text.OUTDRV_ResetExtFault
                0x00000000       0x16 Drivers/outputs_driver.o
 .text          0x00000000        0x0 main.o
 .data          0x00000000        0x0 main.o
 .bss           0x00000000        0x0 main.o
 .text.Init_watchdog
                0x00000000       0x12 main.o
 .text          0x00000000        0x0 c:/program files (x86)/atmel/studio/7.0/toolchain/avr8/avr8-gnu-toolchain/bin/../lib/gcc/avr/5.4.0/avr25\libgcc.a(_udivmodhi4.o)
 .data          0x00000000        0x0 c:/program files (x86)/atmel/studio/7.0/toolchain/avr8/avr8-gnu-toolchain/bin/../lib/gcc/avr/5.4.0/avr25\libgcc.a(_udivmodhi4.o)
 .bss           0x00000000        0x0 c:/program files (x86)/atmel/studio/7.0/toolchain/avr8/avr8-gnu-toolchain/bin/../lib/gcc/avr/5.4.0/avr25\libgcc.a(_udivmodhi4.o)
 .text.libgcc.mul
                0x00000000        0x0 c:/program files (x86)/atmel/studio/7.0/toolchain/avr8/avr8-gnu-toolchain/bin/../lib/gcc/avr/5.4.0/avr25\libgcc.a(_udivmodhi4.o)
 .text.libgcc   0x00000000        0x0 c:/program files (x86)/atmel/studio/7.0/toolchain/avr8/avr8-gnu-toolchain/bin/../lib/gcc/avr/5.4.0/avr25\libgcc.a(_udivmodhi4.o)
 .text.libgcc.prologue
                0x00000000        0x0 c:/program files (x86)/atmel/studio/7.0/toolchain/avr8/avr8-gnu-toolchain/bin/../lib/gcc/avr/5.4.0/avr25\libgcc.a(_udivmodhi4.o)
 .text.libgcc.builtins
                0x00000000        0x0 c:/program files (x86)/atmel/studio/7.0/toolchain/avr8/avr8-gnu-toolchain/bin/../lib/gcc/avr/5.4.0/avr25\libgcc.a(_udivmodhi4.o)
 .text.libgcc.fmul
                0x00000000        0x0 c:/program files (x86)/atmel/studio/7.0/toolchain/avr8/avr8-gnu-toolchain/bin/../lib/gcc/avr/5.4.0/avr25\libgcc.a(_udivmodhi4.o)
 .text.libgcc.fixed
                0x00000000        0x0 c:/program files (x86)/atmel/studio/7.0/toolchain/avr8/avr8-gnu-toolchain/bin/../lib/gcc/avr/5.4.0/avr25\libgcc.a(_udivmodhi4.o)
 .text          0x00000000        0x0 c:/program files (x86)/atmel/studio/7.0/toolchain/avr8/avr8-gnu-toolchain/bin/../lib/gcc/avr/5.4.0/avr25\libgcc.a(_exit.o)
 .data          0x00000000        0x0 c:/program files (x86)/atmel/studio/7.0/toolchain/avr8/avr8-gnu-toolchain/bin/../lib/gcc/avr/5.4.0/avr25\libgcc.a(_exit.o)
 .bss           0x00000000        0x0 c:/program files (x86)/atmel/studio/7.0/toolchain/avr8/avr8-gnu-toolchain/bin/../lib/gcc/avr/5.4.0/avr25\libgcc.a(_exit.o)
 .text.libgcc.mul
                0x00000000        0x0 c:/program files (x86)/atmel/studio/7.0/toolchain/avr8/avr8-gnu-toolchain/bin/../lib/gcc/avr/5.4.0/avr25\libgcc.a(_exit.o)
 .text.libgcc.div
                0x00000000        0x0 c:/program files (x86)/atmel/studio/7.0/toolchain/avr8/avr8-gnu-toolchain/bin/../lib/gcc/avr/5.4.0/avr25\libgcc.a(_exit.o)
 .text.libgcc   0x00000000        0x0 c:/program files (x86)/atmel/studio/7.0/toolchain/avr8/avr8-gnu-toolchain/bin/../lib/gcc/avr/5.4.0/avr25\libgcc.a(_exit.o)
 .text.libgcc.prologue
                0x00000000        0x0 c:/program files (x86)/atmel/studio/7.0/toolchain/avr8/avr8-gnu-toolchain/bin/../lib/gcc/avr/5.4.0/avr25\libgcc.a(_exit.o)
 .text.libgcc.builtins
                0x00000000        0x0 c:/program files (x86)/atmel/studio/7.0/toolchain/avr8/avr8-gnu-toolchain/bin/../lib/gcc/avr/5.4.0/avr25\libgcc.a(_exit.o)
 .text.libgcc.fmul
                0x00000000        0x0 c:/program files (x86)/atmel/studio/7.0/toolchain/avr8/avr8-gnu-toolchain/bin/../lib/gcc/avr/5.4.0/avr25\libgcc.a(_exit.o)
 .text.libgcc.fixed
                0x00000000        0x0 c:/program files (x86)/atmel/studio/7.0/toolchain/avr8/avr8-gnu-toolchain/bin/../lib/gcc/avr/5.4.0/avr25\libgcc.a(_exit.o)
 .text          0x00000000        0x0 c:/program files (x86)/atmel/studio/7.0/toolchain/avr8/avr8-gnu-toolchain/bin/../lib/gcc/avr/5.4.0/avr25\libgcc.a(_copy_data.o)
 .data          0x00000000        0x0 c:/program files (x86)/atmel/studio/7.0/toolchain/avr8/avr8-gnu-toolchain/bin/../lib/gcc/avr/5.4.0/avr25\libgcc.a(_copy_data.o)
 .bss           0x00000000        0x0 c:/program files (x86)/atmel/studio/7.0/toolchain/avr8/avr8-gnu-toolchain/bin/../lib/gcc/avr/5.4.0/avr25\libgcc.a(_copy_data.o)
 .text.libgcc.mul
                0x00000000        0x0 c:/program files (x86)/atmel/studio/7.0/toolchain/avr8/avr8-gnu-toolchain/bin/../lib/gcc/avr/5.4.0/avr25\libgcc.a(_copy_data.o)
 .text.libgcc.div
                0x00000000        0x0 c:/program files (x86)/atmel/studio/7.0/toolchain/avr8/avr8-gnu-toolchain/bin/../lib/gcc/avr/5.4.0/avr25\libgcc.a(_copy_data.o)
 .text.libgcc   0x00000000        0x0 c:/program files (x86)/atmel/studio/7.0/toolchain/avr8/avr8-gnu-toolchain/bin/../lib/gcc/avr/5.4.0/avr25\libgcc.a(_copy_data.o)
 .text.libgcc.prologue
                0x00000000        0x0 c:/program files (x86)/atmel/studio/7.0/toolchain/avr8/avr8-gnu-toolchain/bin/../lib/gcc/avr/5.4.0/avr25\libgcc.a(_copy_data.o)
 .text.libgcc.builtins
                0x00000000        0x0 c:/program files (x86)/atmel/studio/7.0/toolchain/avr8/avr8-gnu-toolchain/bin/../lib/gcc/avr/5.4.0/avr25\libgcc.a(_copy_data.o)
 .text.libgcc.fmul
                0x00000000        0x0 c:/program files (x86)/atmel/studio/7.0/toolchain/avr8/avr8-gnu-toolchain/bin/../lib/gcc/avr/5.4.0/avr25\libgcc.a(_copy_data.o)
 .text.libgcc.fixed
                0x00000000        0x0 c:/program files (x86)/atmel/studio/7.0/toolchain/avr8/avr8-gnu-toolchain/bin/../lib/gcc/avr/5.4.0/avr25\libgcc.a(_copy_data.o)
 .text          0x00000000        0x0 c:/program files (x86)/atmel/studio/7.0/toolchain/avr8/avr8-gnu-toolchain/bin/../lib/gcc/avr/5.4.0/avr25\libgcc.a(_clear_bss.o)
 .data          0x00000000        0x0 c:/program files (x86)/atmel/studio/7.0/toolchain/avr8/avr8-gnu-toolchain/bin/../lib/gcc/avr/5.4.0/avr25\libgcc.a(_clear_bss.o)
 .bss           0x00000000        0x0 c:/program files (x86)/atmel/studio/7.0/toolchain/avr8/avr8-gnu-toolchain/bin/../lib/gcc/avr/5.4.0/avr25\libgcc.a(_clear_bss.o)
 .text.libgcc.mul
                0x00000000        0x0 c:/program files (x86)/atmel/studio/7.0/toolchain/avr8/avr8-gnu-toolchain/bin/../lib/gcc/avr/5.4.0/avr25\libgcc.a(_clear_bss.o)
 .text.libgcc.div
                0x00000000        0x0 c:/program files (x86)/atmel/studio/7.0/toolchain/avr8/avr8-gnu-toolchain/bin/../lib/gcc/avr/5.4.0/avr25\libgcc.a(_clear_bss.o)
 .text.libgcc   0x00000000        0x0 c:/program files (x86)/atmel/studio/7.0/toolchain/avr8/avr8-gnu-toolchain/bin/../lib/gcc/avr/5.4.0/avr25\libgcc.a(_clear_bss.o)
 .text.libgcc.prologue
                0x00000000        0x0 c:/program files (x86)/atmel/studio/7.0/toolchain/avr8/avr8-gnu-toolchain/bin/../lib/gcc/avr/5.4.0/avr25\libgcc.a(_clear_bss.o)
 .text.libgcc.builtins
                0x00000000        0x0 c:/program files (x86)/atmel/studio/7.0/toolchain/avr8/avr8-gnu-toolchain/bin/../lib/gcc/avr/5.4.0/avr25\libgcc.a(_clear_bss.o)
 .text.libgcc.fmul
                0x00000000        0x0 c:/program files (x86)/atmel/studio/7.0/toolchain/avr8/avr8-gnu-toolchain/bin/../lib/gcc/avr/5.4.0/avr25\libgcc.a(_clear_bss.o)
 .text.libgcc.fixed
                0x00000000        0x0 c:/program files (x86)/atmel/studio/7.0/toolchain/avr8/avr8-gnu-toolchain/bin/../lib/gcc/avr/5.4.0/avr25\libgcc.a(_clear_bss.o)

Memory Configuration

Name             Origin             Length             Attributes
text             0x00000000         0x00002000         xr
data             0x00800100         0x00000200         rw !x
eeprom           0x00810000         0x00000040         rw !x
fuse             0x00820000         0x00000003         rw !x
lock             0x00830000         0x00000400         rw !x
signature        0x00840000         0x00000400         rw !x
user_signatures  0x00850000         0x00000400         rw !x
*default*        0x00000000         0xffffffff

Linker script and memory map

Address of section .data set to 0x800100
LOAD C:/Program Files (x86)/Atmel/Studio/7.0/Packs/atmel/ATtiny_DFP/1.8.332/gcc/dev/attiny88/avr25/crtattiny88.o
LOAD Drivers/adc_driver.o
LOAD Drivers/bootstrap_driver.o
LOAD Drivers/inputs_driver.o
LOAD Drivers/led_driver.o
LOAD Drivers/outputs_driver.o
LOAD main.o
START GROUP
LOAD c:/program files (x86)/atmel/studio/7.0/toolchain/avr8/avr8-gnu-toolchain/bin/../lib/gcc/avr/5.4.0/../../../../avr/lib/avr25\libm.a
END GROUP
START GROUP
LOAD c:/program files (x86)/atmel/studio/7.0/toolchain/avr8/avr8-gnu-toolchain/bin/../lib/gcc/avr/5.4.0/avr25\libgcc.a
LOAD c:/program files (x86)/atmel/studio/7.0/toolchain/avr8/avr8-gnu-toolchain/bin/../lib/gcc/avr/5.4.0/../../../../avr/lib/avr25\libm.a
LOAD c:/program files (x86)/atmel/studio/7.0/toolchain/avr8/avr8-gnu-toolchain/bin/../lib/gcc/avr/5.4.0/../../../../avr/lib/avr25\libc.a
LOAD C:/Program Files (x86)/Atmel/Studio/7.0/Packs/atmel/ATtiny_DFP/1.8.332/gcc/dev/attiny88/avr25\libattiny88.a
END GROUP
                0x00000000                __TEXT_REGION_ORIGIN__ = DEFINED (__TEXT_REGION_ORIGIN__)?__TEXT_REGION_ORIGIN__:0x0
                [0x00800100]                __DATA_REGION_ORIGIN__ = DEFINED (__DATA_REGION_ORIGIN__)?__DATA_REGION_ORIGIN__:0x800060
                [0x00002000]                __TEXT_REGION_LENGTH__ = DEFINED (__TEXT_REGION_LENGTH__)?__TEXT_REGION_LENGTH__:0x2000
                [0x00000200]                __DATA_REGION_LENGTH__ = DEFINED (__DATA_REGION_LENGTH__)?__DATA_REGION_LENGTH__:0xffa0
                [0x00000040]                __EEPROM_REGION_LENGTH__ = DEFINED (__EEPROM_REGION_LENGTH__)?__EEPROM_REGION_LENGTH__:0x10000
                [0x00000003]                __FUSE_REGION_LENGTH__ = DEFINED (__FUSE_REGION_LENGTH__)?__FUSE_REGION_LENGTH__:0x400
                0x00000400                __LOCK_REGION_LENGTH__ = DEFINED (__LOCK_REGION_LENGTH__)?__LOCK_REGION_LENGTH__:0x400
                0x00000400                __SIGNATURE_REGION_LENGTH__ = DEFINED (__SIGNATURE_REGION_LENGTH__)?__SIGNATURE_REGION_LENGTH__:0x400
                0x00000400                __USER_SIGNATURE_REGION_LENGTH__ = DEFINED (__USER_SIGNATURE_REGION_LENGTH__)?__USER_SIGNATURE_REGION_LENGTH__:0x400

.hash
 *(.hash)

.dynsym
 *(.dynsym)

.dynstr
 *(.dynstr)

.gnu.version
 *(.gnu.version)

.gnu.version_d
 *(.gnu.version_d)

.gnu.version_r
 *(.gnu.version_r)

.rel.init
 *(.rel.init)

.rela.init
 *(.rela.init)

.rel.text
 *(.rel.text)
 *(.rel.text.*)
 *(.rel.gnu.linkonce.t*)

.rela.text
 *(.rela.text)
 *(.rela.text.*)
 *(.rela.gnu.linkonce.t*)

.rel.fini
 *(.rel.fini)

.rela.fini
 *(.rela.fini)

.rel.rodata
 *(.rel.rodata)
 *(.rel.rodata.*)
 *(.rel.gnu.linkonce.r*)

.rela.rodata
 *(.rela.rodata)
 *(.rela.rodata.*)
 *(.rela.gnu.linkonce.r*)

.rel.data
 *(.rel.data)
 *(.rel.data.*)
 *(.rel.gnu.linkonce.d*)

.rela.data
 *(.rela.data)
 *(.rela.data.*)
 *(.rela.gnu.linkonce.d*)

.rel.ctors
 *(.rel.ctors)

.rela.ctors
 *(.rela.ctors)

.rel.dtors
 *(.rel.dtors)

.rela.dtors
 *(.rela.dtors)

.rel.got
 *(.rel.got)

.rela.got
 *(.rela.got)

.rel.bss
 *(.rel.bss)

.rela.bss
 *(.rela.bss)

.rel.plt
 *(.rel.plt)

.rela.plt
 *(.rela.plt)

.text           0x00000000     0x12a0
 *(.vectors)
 .vectors       0x00000000       0x28 C:/Program Files (x86)/Atmel/Studio/7.0/Packs/atmel/ATtiny_DFP/1.8.332/gcc/dev/attiny88/avr25/crtattiny88.o
                0x00000000                __vector_default
                0x00000000                __vectors
 *(.vectors)
 *(.progmem.gcc*)
                0x00000028                . = ALIGN (0x2)
                0x00000028                __trampolines_start = .
 *(.trampolines)
 .trampolines   0x00000028        0x0 linker stubs
 *(.trampolines*)
                0x00000028                __trampolines_end = .
 *libprintf_flt.a:*(.progmem.data)
 *libc.a:*(.progmem.data)
 *(.progmem*)
                0x00000028                . = ALIGN (0x2)
 *(.jumptables)
 *(.jumptables*)
 *(.lowtext)
 *(.lowtext*)
                0x00000028                __ctors_start = .
 *(.ctors)
                0x00000028                __ctors_end = .
                0x00000028                __dtors_start = .
 *(.dtors)
                0x00000028                __dtors_end = .
 SORT(*)(.ctors)
 SORT(*)(.dtors)
 *(.init0)
 .init0         0x00000028        0x0 C:/Program Files (x86)/Atmel/Studio/7.0/Packs/atmel/ATtiny_DFP/1.8.332/gcc/dev/attiny88/avr25/crtattiny88.o
                0x00000028                __init
 *(.init0)
 *(.init1)
 *(.init1)
 *(.init2)
 .init2         0x00000028        0xc C:/Program Files (x86)/Atmel/Studio/7.0/Packs/atmel/ATtiny_DFP/1.8.332/gcc/dev/attiny88/avr25/crtattiny88.o
 *(.init2)
 *(.init3)
 *(.init3)
 *(.init4)
 .init4         0x00000034       0x16 c:/program files (x86)/atmel/studio/7.0/toolchain/avr8/avr8-gnu-toolchain/bin/../lib/gcc/avr/5.4.0/avr25\libgcc.a(_copy_data.o)
                0x00000034                __do_copy_data
 .init4         0x0000004a       0x10 c:/program files (x86)/atmel/studio/7.0/toolchain/avr8/avr8-gnu-toolchain/bin/../lib/gcc/avr/5.4.0/avr25\libgcc.a(_clear_bss.o)
                0x0000004a                __do_clear_bss
 *(.init4)
 *(.init5)
 *(.init5)
 *(.init6)
 *(.init6)
 *(.init7)
 *(.init7)
 *(.init8)
 *(.init8)
 *(.init9)
 .init9         0x0000005a        0x4 C:/Program Files (x86)/Atmel/Studio/7.0/Packs/atmel/ATtiny_DFP/1.8.332/gcc/dev/attiny88/avr25/crtattiny88.o
 *(.init9)
 *(.text)
 .text          0x0000005e        0x2 C:/Program Files (x86)/Atmel/Studio/7.0/Packs/atmel/ATtiny_DFP/1.8.332/gcc/dev/attiny88/avr25/crtattiny88.o
                0x0000005e                __vector_1
                0x0000005e                __vector_12
                0x0000005e                __bad_interrupt
                0x0000005e                __vector_6
                0x0000005e                __vector_3
                0x0000005e                __vector_11
                0x0000005e                __vector_13
                0x0000005e                __vector_17
                0x0000005e                __vector_19
                0x0000005e                __vector_7
                0x0000005e                __vector_5
                0x0000005e                __vector_4
                0x0000005e                __vector_9
                0x0000005e                __vector_2
                0x0000005e                __vector_15
                0x0000005e                __vector_8
                0x0000005e                __vector_14
                0x0000005e                __vector_10
                0x0000005e                __vector_16
                0x0000005e                __vector_18
                0x00000060                . = ALIGN (0x2)
 *(.text.*)
 .text.ADCDRV_Init
                0x00000060       0x46 Drivers/adc_driver.o
                0x00000060                ADCDRV_Init
 .text.ADCDRV_MeasureAll
                0x000000a6       0xda Drivers/adc_driver.o
                0x000000a6                ADCDRV_MeasureAll
 .text.ADCDRV_GetValue
                0x00000180       0x96 Drivers/adc_driver.o
                0x00000180                ADCDRV_GetValue
 .text.BSDRV_Init
                0x00000216       0x12 Drivers/bootstrap_driver.o
                0x00000216                BSDRV_Init
 .text.BSDRV_Latch
                0x00000228       0x22 Drivers/bootstrap_driver.o
                0x00000228                BSDRV_Latch
 .text.BSDRV_GetBootstrap
                0x0000024a       0x68 Drivers/bootstrap_driver.o
                0x0000024a                BSDRV_GetBootstrap
 .text.HAL_Init
                0x000002b2       0x1a Drivers/inputs_driver.o
 .text.HAL_ReadKill
                0x000002cc        0xc Drivers/inputs_driver.o
 .text.HAL_ReadMaster
                0x000002d8        0xc Drivers/inputs_driver.o
 .text.HAL_SetMasterPull
                0x000002e4       0x14 Drivers/inputs_driver.o
 .text.HAL_SetKillPull
                0x000002f8       0x14 Drivers/inputs_driver.o
 .text.INDRV_Init
                0x0000030c       0x8c Drivers/inputs_driver.o
                0x0000030c                INDRV_Init
 .text.INDRV_ReadAll
                0x00000398       0x86 Drivers/inputs_driver.o
                0x00000398                INDRV_ReadAll
 .text.INDRV_Sleep
                0x0000041e       0x5e Drivers/inputs_driver.o
                0x0000041e                INDRV_Sleep
 .text.INDRV_Wake
                0x0000047c       0x5e Drivers/inputs_driver.o
                0x0000047c                INDRV_Wake
 .text.INDRV_GetInput
                0x000004da       0x4e Drivers/inputs_driver.o
                0x000004da                INDRV_GetInput
 .text.HAL_Init
                0x00000528        0xe Drivers/led_driver.o
 .text.HAL_Set  0x00000536       0x14 Drivers/led_driver.o
 .text.HAL_Toggle
                0x0000054a       0x14 Drivers/led_driver.o
 .text.LEDDRV_Init
                0x0000055e       0x18 Drivers/led_driver.o
                0x0000055e                LEDDRV_Init
 .text.LEDDRV_Off
                0x00000576        0xe Drivers/led_driver.o
                0x00000576                LEDDRV_Off
 .text.LEDDRV_OnSolid
                0x00000584       0x10 Drivers/led_driver.o
                0x00000584                LEDDRV_OnSolid
 .text.LEDDRV_Flashing
                0x00000594       0x1e Drivers/led_driver.o
                0x00000594                LEDDRV_Flashing
 .text.LEDDRV_Process
                0x000005b2       0x4e Drivers/led_driver.o
                0x000005b2                LEDDRV_Process
 .text.ProcessIgnitionProtection
                0x00000600      0x14a Drivers/outputs_driver.o
 .text.ProcessIsolatorProtection
                0x0000074a      0x14a Drivers/outputs_driver.o
 .text.StateToHWLevel
                0x00000894       0x46 Drivers/outputs_driver.o
 .text.HAL_Init
                0x000008da       0x22 Drivers/outputs_driver.o
 .text.HAL_SetIgnition
                0x000008fc       0x46 Drivers/outputs_driver.o
 .text.HAL_SetIsolator
                0x00000942       0x46 Drivers/outputs_driver.o
 .text.OUTDRV_Init
                0x00000988       0x94 Drivers/outputs_driver.o
                0x00000988                OUTDRV_Init
 .text.OUTDRV_SetOutput
                0x00000a1c       0x1a Drivers/outputs_driver.o
                0x00000a1c                OUTDRV_SetOutput
 .text.OUTDRV_ResetOutput
                0x00000a36       0x16 Drivers/outputs_driver.o
                0x00000a36                OUTDRV_ResetOutput
 .text.OUTDRV_EnableOutput
                0x00000a4c       0x1a Drivers/outputs_driver.o
                0x00000a4c                OUTDRV_EnableOutput
 .text.OUTDRV_DisableOutput
                0x00000a66       0x16 Drivers/outputs_driver.o
                0x00000a66                OUTDRV_DisableOutput
 .text.OUTDRV_GetRealOutput
                0x00000a7c       0x1a Drivers/outputs_driver.o
                0x00000a7c                OUTDRV_GetRealOutput
 .text.OUTDRV_ProcessLogic
                0x00000a96       0xaa Drivers/outputs_driver.o
                0x00000a96                OUTDRV_ProcessLogic
 .text.OUTDRV_ProcessProtection
                0x00000b40       0x1e Drivers/outputs_driver.o
                0x00000b40                OUTDRV_ProcessProtection
 .text.OUTDRV_GetFault
                0x00000b5e       0x3e Drivers/outputs_driver.o
                0x00000b5e                OUTDRV_GetFault
 .text.OUTDRV_GetFaultCount
                0x00000b9c       0x1a Drivers/outputs_driver.o
                0x00000b9c                OUTDRV_GetFaultCount
 .text.OUTDRV_DelayFaultExecution
                0x00000bb6       0x1c Drivers/outputs_driver.o
                0x00000bb6                OUTDRV_DelayFaultExecution
 .text.DelaySystem
                0x00000bd2       0x24 main.o
                0x00000bd2                DelaySystem
 .text.DataGathering
                0x00000bf6       0xe0 main.o
                0x00000bf6                DataGathering
 .text.Startup_Procedure
                0x00000cd6      0x14c main.o
                0x00000cd6                Startup_Procedure
 .text.Kill_Procedure
                0x00000e22       0xee main.o
                0x00000e22                Kill_Procedure
 .text.Lockout_Procedure
                0x00000f10       0xa6 main.o
                0x00000f10                Lockout_Procedure
 .text.Init_ReducePower
                0x00000fb6        0x8 main.o
                0x00000fb6                Init_ReducePower
 .text.IsolatorOCP
                0x00000fbe       0xbc main.o
                0x00000fbe                IsolatorOCP
 .text.main     0x0000107a      0x1fa main.o
                0x0000107a                main
 .text.libgcc.div
                0x00001274       0x28 c:/program files (x86)/atmel/studio/7.0/toolchain/avr8/avr8-gnu-toolchain/bin/../lib/gcc/avr/5.4.0/avr25\libgcc.a(_udivmodhi4.o)
                0x00001274                __udivmodhi4
                0x0000129c                . = ALIGN (0x2)
 *(.fini9)
 .fini9         0x0000129c        0x0 c:/program files (x86)/atmel/studio/7.0/toolchain/avr8/avr8-gnu-toolchain/bin/../lib/gcc/avr/5.4.0/avr25\libgcc.a(_exit.o)
                0x0000129c                _exit
                0x0000129c                exit
 *(.fini9)
 *(.fini8)
 *(.fini8)
 *(.fini7)
 *(.fini7)
 *(.fini6)
 *(.fini6)
 *(.fini5)
 *(.fini5)
 *(.fini4)
 *(.fini4)
 *(.fini3)
 *(.fini3)
 *(.fini2)
 *(.fini2)
 *(.fini1)
 *(.fini1)
 *(.fini0)
 .fini0         0x0000129c        0x4 c:/program files (x86)/atmel/studio/7.0/toolchain/avr8/avr8-gnu-toolchain/bin/../lib/gcc/avr/5.4.0/avr25\libgcc.a(_exit.o)
 *(.fini0)
                0x000012a0                _etext = .

.data           0x00800100        0x2 load address 0x000012a0
                0x00800100                PROVIDE (__data_start, .)
 *(.data)
 *(.data*)
 .data.u_bat    0x00800100        0x2 main.o
 *(.gnu.linkonce.d*)
 *(.rodata)
 *(.rodata*)
 *(.gnu.linkonce.r*)
                0x00800102                . = ALIGN (0x2)
                0x00800102                _edata = .
                0x00800102                PROVIDE (__data_end, .)

.bss            0x00800102       0x67
                0x00800102                PROVIDE (__bss_start, .)
 *(.bss)
 *(.bss*)
 .bss.alt_mon   0x00800102        0x2 Drivers/adc_driver.o
 .bss.ign_mon   0x00800104        0x2 Drivers/adc_driver.o
 .bss.isol_mon  0x00800106        0x2 Drivers/adc_driver.o
 .bss.bat_mon   0x00800108        0x2 Drivers/adc_driver.o
 .bss.latched   0x0080010a        0x1 Drivers/bootstrap_driver.o
 .bss.bootstraps
                0x0080010b        0x1 Drivers/bootstrap_driver.o
 .bss.kill_cfg  0x0080010c        0x3 Drivers/inputs_driver.o
 .bss.kill      0x0080010f        0x4 Drivers/inputs_driver.o
 .bss.mstr_cfg  0x00800113        0x3 Drivers/inputs_driver.o
 .bss.mstr      0x00800116        0x4 Drivers/inputs_driver.o
 .bss.flash_t   0x0080011a        0x2 Drivers/led_driver.o
 .bss.timer     0x0080011c        0x2 Drivers/led_driver.o
 .bss.mode      0x0080011e        0x1 Drivers/led_driver.o
 .bss.isolProt  0x0080011f        0xe Drivers/outputs_driver.o
 .bss.isolCfg   0x0080012d        0x3 Drivers/outputs_driver.o
 .bss.isolState
                0x00800130        0x4 Drivers/outputs_driver.o
 .bss.igncProt  0x00800134        0xe Drivers/outputs_driver.o
 .bss.igncCfg   0x00800142        0x3 Drivers/outputs_driver.o
 .bss.igncState
                0x00800145        0x4 Drivers/outputs_driver.o
 .bss.cooldown_timer.1784
                0x00800149        0x2 main.o
 .bss.ocp_fault.1782
                0x0080014b        0x1 main.o
 .bss.ocp_counter.1783
                0x0080014c        0x1 main.o
 .bss.timeout.1769
                0x0080014d        0x2 main.o
 .bss.led_timeout.1770
                0x0080014f        0x2 main.o
 .bss.step.1768
                0x00800151        0x1 main.o
 .bss.timeout.1764
                0x00800152        0x2 main.o
 .bss.step.1763
                0x00800154        0x1 main.o
 .bss.timeout.1759
                0x00800155        0x2 main.o
 .bss.step.1758
                0x00800157        0x1 main.o
 .bss.relay_ocp_deadtime
                0x00800158        0x1 main.o
 .bss.relay_ocp_en
                0x00800159        0x1 main.o
 .bss.alternator_act
                0x0080015a        0x1 main.o
 .bss.ignition_act
                0x0080015b        0x1 main.o
 .bss.isolator_act_change
                0x0080015c        0x1 main.o
 .bss.isolator_act
                0x0080015d        0x1 main.o
 .bss.u_relay_drop
                0x0080015e        0x2 main.o
 .bss.u_ignc    0x00800160        0x2 main.o
 .bss.u_isol    0x00800162        0x2 main.o
 .bss.u_alt     0x00800164        0x2 main.o
 .bss.kill_act  0x00800166        0x1 main.o
 .bss.master_act
                0x00800167        0x1 main.o
 .bss.sys_state
                0x00800168        0x1 main.o
 *(COMMON)
                0x00800169                PROVIDE (__bss_end, .)
                0x000012a0                __data_load_start = LOADADDR (.data)
                0x000012a2                __data_load_end = (__data_load_start + SIZEOF (.data))

.noinit         0x00800169        0x0
                [!provide]                PROVIDE (__noinit_start, .)
 *(.noinit*)
                [!provide]                PROVIDE (__noinit_end, .)
                0x00800169                _end = .
                [!provide]                PROVIDE (__heap_start, .)

.eeprom         0x00810000        0x0
 *(.eeprom*)
                0x00810000                __eeprom_end = .

.fuse
 *(.fuse)
 *(.lfuse)
 *(.hfuse)
 *(.efuse)

.lock
 *(.lock*)

.signature
 *(.signature*)

.user_signatures
 *(.user_signatures*)

.stab
 *(.stab)

.stabstr
 *(.stabstr)

.stab.excl
 *(.stab.excl)

.stab.exclstr
 *(.stab.exclstr)

.stab.index
 *(.stab.index)

.stab.indexstr
 *(.stab.indexstr)

.comment        0x00000000       0x30
 *(.comment)
 .comment       0x00000000       0x30 Drivers/adc_driver.o
                                 0x31 (size before relaxing)
 .comment       0x00000030       0x31 Drivers/bootstrap_driver.o
 .comment       0x00000030       0x31 Drivers/inputs_driver.o
 .comment       0x00000030       0x31 Drivers/led_driver.o
 .comment       0x00000030       0x31 Drivers/outputs_driver.o
 .comment       0x00000030       0x31 main.o

.note.gnu.avr.deviceinfo
                0x00000000       0x3c
 .note.gnu.avr.deviceinfo
                0x00000000       0x3c C:/Program Files (x86)/Atmel/Studio/7.0/Packs/atmel/ATtiny_DFP/1.8.332/gcc/dev/attiny88/avr25/crtattiny88.o

.note.gnu.build-id
 *(.note.gnu.build-id)

.debug
 *(.debug)

.line
 *(.line)

.debug_srcinfo
 *(.debug_srcinfo)

.debug_sfnames
 *(.debug_sfnames)

.debug_aranges  0x00000000      0x260
 *(.debug_aranges)
 .debug_aranges
                0x00000000       0x40 Drivers/adc_driver.o
 .debug_aranges
                0x00000040       0x30 Drivers/bootstrap_driver.o
 .debug_aranges
                0x00000070       0x78 Drivers/inputs_driver.o
 .debug_aranges
                0x000000e8       0x58 Drivers/led_driver.o
 .debug_aranges
                0x00000140       0xc0 Drivers/outputs_driver.o
 .debug_aranges
                0x00000200       0x60 main.o

.debug_pubnames
 *(.debug_pubnames)

.debug_info     0x00000000     0x1f75
 *(.debug_info .gnu.linkonce.wi.*)
 .debug_info    0x00000000      0x576 C:/Program Files (x86)/Atmel/Studio/7.0/Packs/atmel/ATtiny_DFP/1.8.332/gcc/dev/attiny88/avr25/crtattiny88.o
 .debug_info    0x00000576      0x15a Drivers/adc_driver.o
 .debug_info    0x000006d0      0x10b Drivers/bootstrap_driver.o
 .debug_info    0x000007db      0x38a Drivers/inputs_driver.o
 .debug_info    0x00000b65      0x1c6 Drivers/led_driver.o
 .debug_info    0x00000d2b      0x75b Drivers/outputs_driver.o
 .debug_info    0x00001486      0xaef main.o

.debug_abbrev   0x00000000      0xcfc
 *(.debug_abbrev)
 .debug_abbrev  0x00000000      0x52b C:/Program Files (x86)/Atmel/Studio/7.0/Packs/atmel/ATtiny_DFP/1.8.332/gcc/dev/attiny88/avr25/crtattiny88.o
 .debug_abbrev  0x0000052b       0xbb Drivers/adc_driver.o
 .debug_abbrev  0x000005e6       0xc3 Drivers/bootstrap_driver.o
 .debug_abbrev  0x000006a9      0x186 Drivers/inputs_driver.o
 .debug_abbrev  0x0000082f       0xfc Drivers/led_driver.o
 .debug_abbrev  0x0000092b      0x239 Drivers/outputs_driver.o
 .debug_abbrev  0x00000b64      0x198 main.o

.debug_line     0x00000000     0x1b5e
 *(.debug_line .debug_line.* .debug_line_end)
 .debug_line    0x00000000      0x110 C:/Program Files (x86)/Atmel/Studio/7.0/Packs/atmel/ATtiny_DFP/1.8.332/gcc/dev/attiny88/avr25/crtattiny88.o
 .debug_line    0x00000110      0x20c Drivers/adc_driver.o
 .debug_line    0x0000031c      0x14b Drivers/bootstrap_driver.o
 .debug_line    0x00000467      0x447 Drivers/inputs_driver.o
 .debug_line    0x000008ae      0x1be Drivers/led_driver.o
 .debug_line    0x00000a6c      0x8a0 Drivers/outputs_driver.o
 .debug_line    0x0000130c      0x852 main.o

.debug_frame    0x00000000      0x4c0
 *(.debug_frame)
 .debug_frame   0x00000000       0x64 Drivers/adc_driver.o
 .debug_frame   0x00000064       0x44 Drivers/bootstrap_driver.o
 .debug_frame   0x000000a8      0x100 Drivers/inputs_driver.o
 .debug_frame   0x000001a8       0x94 Drivers/led_driver.o
 .debug_frame   0x0000023c      0x198 Drivers/outputs_driver.o
 .debug_frame   0x000003d4       0xec main.o

.debug_str      0x00000000      0xa25
 *(.debug_str)
 .debug_str     0x00000000      0x1d9 C:/Program Files (x86)/Atmel/Studio/7.0/Packs/atmel/ATtiny_DFP/1.8.332/gcc/dev/attiny88/avr25/crtattiny88.o
 .debug_str     0x000001d9      0x1a9 Drivers/adc_driver.o
                                0x1dd (size before relaxing)
 .debug_str     0x00000382       0x6b Drivers/bootstrap_driver.o
                                0x1ba (size before relaxing)
 .debug_str     0x000003ed      0x168 Drivers/inputs_driver.o
                                0x2bd (size before relaxing)
 .debug_str     0x00000555       0x7d Drivers/led_driver.o
                                0x1ea (size before relaxing)
 .debug_str     0x000005d2      0x313 Drivers/outputs_driver.o
                                0x498 (size before relaxing)
 .debug_str     0x000008e5      0x140 main.o
                                0x517 (size before relaxing)

.debug_loc      0x00000000      0xe42
 *(.debug_loc)
 .debug_loc     0x00000000       0xbf Drivers/adc_driver.o
 .debug_loc     0x000000bf       0xf5 Drivers/bootstrap_driver.o
 .debug_loc     0x000001b4      0x2cb Drivers/inputs_driver.o
 .debug_loc     0x0000047f       0x62 Drivers/led_driver.o
 .debug_loc     0x000004e1      0x6d9 Drivers/outputs_driver.o
 .debug_loc     0x00000bba      0x288 main.o

.debug_macinfo
 *(.debug_macinfo)

.debug_weaknames
 *(.debug_weaknames)

.debug_funcnames
 *(.debug_funcnames)

.debug_typenames
 *(.debug_typenames)

.debug_varnames
 *(.debug_varnames)

.debug_pubtypes
 *(.debug_pubtypes)

.debug_ranges   0x00000000      0x200
 *(.debug_ranges)
 .debug_ranges  0x00000000       0x30 Drivers/adc_driver.o
 .debug_ranges  0x00000030       0x20 Drivers/bootstrap_driver.o
 .debug_ranges  0x00000050       0x68 Drivers/inputs_driver.o
 .debug_ranges  0x000000b8       0x48 Drivers/led_driver.o
 .debug_ranges  0x00000100       0xb0 Drivers/outputs_driver.o
 .debug_ranges  0x000001b0       0x50 main.o

.debug_macro
 *(.debug_macro)
OUTPUT(Isolator_Controller.elf elf32-avr)
LOAD linker stubs
